

------------------------------------------------------
TIMESTAMP: 11:48:55 23.05.2026
--- TRAINING FOR PARAMS ---
batch_size=32
hidden_size=32
embedding_size=16
num_layers=2
bidirectional=True
dropout=0.2
num_epochs=10
lr=0.001
eta_min=1e-05
lambda_reg=1e-05
-----------


------------------------------------------------------
TIMESTAMP: 11:49:29 23.05.2026
--- TRAINING FOR PARAMS ---
batch_size=32
hidden_size=32
embedding_size=16
num_layers=2
bidirectional=True
dropout=0.2
num_epochs=10
lr=0.001
eta_min=1e-05
lambda_reg=1e-05
-----------
Epoch 01/10 | train_loss=1.6060 | val_loss=1.4438 | val_acc=0.4921
Epoch 02/10 | train_loss=1.3410 | val_loss=1.2343 | val_acc=0.5737
Epoch 03/10 | train_loss=1.1007 | val_loss=1.0573 | val_acc=0.5839
Epoch 04/10 | train_loss=0.9398 | val_loss=1.0168 | val_acc=0.6474
Epoch 05/10 | train_loss=0.8481 | val_loss=0.9173 | val_acc=0.6406
Epoch 06/10 | train_loss=0.7737 | val_loss=0.8932 | val_acc=0.6757
Epoch 07/10 | train_loss=0.7161 | val_loss=0.8510 | val_acc=0.6961
Epoch 08/10 | train_loss=0.6731 | val_loss=0.8378 | val_acc=0.6882
Epoch 09/10 | train_loss=0.6362 | val_loss=0.8390 | val_acc=0.7052
Epoch 10/10 | train_loss=0.6231 | val_loss=0.8297 | val_acc=0.7052


------------------------------------------------------
TIMESTAMP: 11:51:17 23.05.2026
--- TRAINING FOR PARAMS ---
batch_size=32
hidden_size=128
embedding_size=64
num_layers=4
bidirectional=True
dropout=0.2
num_epochs=100
lr=0.0002
eta_min=1e-05
lambda_reg=1e-05
-----------


------------------------------------------------------
TIMESTAMP: 11:51:58 23.05.2026
--- TRAINING FOR PARAMS ---
batch_size=32
hidden_size=128
embedding_size=64
num_layers=4
bidirectional=True
dropout=0.2
num_epochs=50
lr=0.0002
eta_min=1e-05
lambda_reg=3e-05
-----------
Epoch 02/50 | train_loss=1.3052 | val_loss=1.1464 | val_acc=0.6202
Epoch 04/50 | train_loss=0.9380 | val_loss=1.0138 | val_acc=0.6519
Epoch 06/50 | train_loss=0.7165 | val_loss=0.9094 | val_acc=0.6973
Epoch 08/50 | train_loss=0.5976 | val_loss=0.8074 | val_acc=0.7143
Epoch 10/50 | train_loss=0.4599 | val_loss=0.7409 | val_acc=0.7698
Epoch 12/50 | train_loss=0.3699 | val_loss=0.7322 | val_acc=0.8061
Epoch 14/50 | train_loss=0.2801 | val_loss=0.6502 | val_acc=0.8107
Epoch 16/50 | train_loss=0.2223 | val_loss=0.7436 | val_acc=0.8243
Epoch 18/50 | train_loss=0.1677 | val_loss=0.6224 | val_acc=0.8481
Epoch 20/50 | train_loss=0.1264 | val_loss=0.7465 | val_acc=0.8571
Epoch 22/50 | train_loss=0.1062 | val_loss=0.7435 | val_acc=0.8537
Epoch 24/50 | train_loss=0.0857 | val_loss=0.7046 | val_acc=0.8605
Epoch 26/50 | train_loss=0.0636 | val_loss=0.7208 | val_acc=0.8707
Epoch 28/50 | train_loss=0.0558 | val_loss=0.7266 | val_acc=0.8571
Epoch 30/50 | train_loss=0.0475 | val_loss=0.7956 | val_acc=0.8594
Epoch 32/50 | train_loss=0.0462 | val_loss=0.7233 | val_acc=0.8662
Epoch 34/50 | train_loss=0.0328 | val_loss=0.7643 | val_acc=0.8662
Epoch 36/50 | train_loss=0.0283 | val_loss=0.7504 | val_acc=0.8673
Epoch 38/50 | train_loss=0.0288 | val_loss=0.7901 | val_acc=0.8651
Epoch 40/50 | train_loss=0.0237 | val_loss=0.7846 | val_acc=0.8628
Epoch 42/50 | train_loss=0.0221 | val_loss=0.7790 | val_acc=0.8651
Epoch 44/50 | train_loss=0.0232 | val_loss=0.7554 | val_acc=0.8707
Epoch 46/50 | train_loss=0.0208 | val_loss=0.7791 | val_acc=0.8685
Epoch 48/50 | train_loss=0.0201 | val_loss=0.7824 | val_acc=0.8696
Epoch 50/50 | train_loss=0.0208 | val_loss=0.7713 | val_acc=0.8662


------------------------------------------------------
TIMESTAMP: 12:14:39 23.05.2026
--- TRAINING FOR PARAMS ---
batch_size=32
hidden_size=128
embedding_size=64
num_layers=8
bidirectional=True
dropout=0.2
num_epochs=50
lr=0.0001
eta_min=1e-05
lambda_reg=0.0003
-----------


------------------------------------------------------
TIMESTAMP: 12:15:07 23.05.2026
--- TRAINING FOR PARAMS ---
batch_size=32
hidden_size=128
embedding_size=64
num_layers=8
bidirectional=True
dropout=0.4
num_epochs=50
lr=0.0001
eta_min=1e-05
lambda_reg=0.0003
-----------
Epoch 02/50 | train_loss=1.6430 | val_loss=1.4914 | val_acc=0.6043
Epoch 04/50 | train_loss=1.3068 | val_loss=1.2717 | val_acc=0.5635
Epoch 06/50 | train_loss=1.1311 | val_loss=1.1705 | val_acc=0.5850
Epoch 08/50 | train_loss=0.9680 | val_loss=1.0757 | val_acc=0.6757
Epoch 10/50 | train_loss=0.8667 | val_loss=0.9913 | val_acc=0.6712
Epoch 12/50 | train_loss=0.7449 | val_loss=1.0015 | val_acc=0.7347
Epoch 14/50 | train_loss=0.6356 | val_loss=0.9002 | val_acc=0.7460
Epoch 16/50 | train_loss=0.5531 | val_loss=0.8734 | val_acc=0.7755
Epoch 18/50 | train_loss=0.4814 | val_loss=0.8674 | val_acc=0.7698
Epoch 20/50 | train_loss=0.4628 | val_loss=0.8530 | val_acc=0.7755
Epoch 22/50 | train_loss=0.3897 | val_loss=0.8272 | val_acc=0.7891
Epoch 24/50 | train_loss=0.3681 | val_loss=0.9067 | val_acc=0.7891
Epoch 26/50 | train_loss=0.3373 | val_loss=0.8426 | val_acc=0.7937
Epoch 28/50 | train_loss=0.3137 | val_loss=0.8810 | val_acc=0.8084
Epoch 30/50 | train_loss=0.2622 | val_loss=0.8190 | val_acc=0.8129
Epoch 32/50 | train_loss=0.2541 | val_loss=0.7946 | val_acc=0.8118
Epoch 34/50 | train_loss=0.2331 | val_loss=0.7589 | val_acc=0.8152
Epoch 36/50 | train_loss=0.2354 | val_loss=0.7612 | val_acc=0.8265
Epoch 38/50 | train_loss=0.2089 | val_loss=0.7841 | val_acc=0.8333
Epoch 40/50 | train_loss=0.1982 | val_loss=0.8411 | val_acc=0.8175
Epoch 42/50 | train_loss=0.1999 | val_loss=0.7981 | val_acc=0.8299
Epoch 44/50 | train_loss=0.1873 | val_loss=0.8716 | val_acc=0.8163
Epoch 46/50 | train_loss=0.1874 | val_loss=0.7842 | val_acc=0.8254
Epoch 48/50 | train_loss=0.1757 | val_loss=0.7915 | val_acc=0.8333
Epoch 50/50 | train_loss=0.1773 | val_loss=0.7940 | val_acc=0.8333


------------------------------------------------------
TIMESTAMP: 12:30:15 23.05.2026
--- TRAINING FOR PARAMS ---
batch_size=32
hidden_size=128
embedding_size=64
num_layers=8
bidirectional=True
dropout=0.4
num_epochs=100
lr=0.0001
eta_min=1e-05
lambda_reg=0.001
-----------
Epoch 05/100 | train_loss=1.2164 | val_loss=1.2030 | val_acc=0.5964


------------------------------------------------------
TIMESTAMP: 12:32:18 23.05.2026
--- TRAINING FOR PARAMS ---
batch_size=128
hidden_size=128
embedding_size=64
num_layers=8
bidirectional=True
dropout=0.4
num_epochs=100
lr=0.0001
eta_min=1e-05
lambda_reg=0.001
-----------
Epoch 05/100 | train_loss=1.6082 | val_loss=1.5557 | val_acc=0.6202
Epoch 10/100 | train_loss=1.1970 | val_loss=1.2415 | val_acc=0.6134
Epoch 15/100 | train_loss=1.0362 | val_loss=1.0911 | val_acc=0.6190
Epoch 20/100 | train_loss=0.8391 | val_loss=0.9702 | val_acc=0.6485
Epoch 25/100 | train_loss=0.7188 | val_loss=0.9215 | val_acc=0.7029
Epoch 30/100 | train_loss=0.6429 | val_loss=0.8922 | val_acc=0.7029
Epoch 35/100 | train_loss=0.5314 | val_loss=0.9571 | val_acc=0.7676
Epoch 40/100 | train_loss=0.4740 | val_loss=0.9692 | val_acc=0.7846
Epoch 45/100 | train_loss=0.3994 | val_loss=0.7860 | val_acc=0.8061
Epoch 50/100 | train_loss=0.3870 | val_loss=0.8263 | val_acc=0.8129
Epoch 55/100 | train_loss=0.3383 | val_loss=0.7678 | val_acc=0.8163
Epoch 60/100 | train_loss=0.3408 | val_loss=0.7309 | val_acc=0.8107
Epoch 65/100 | train_loss=0.2968 | val_loss=0.7825 | val_acc=0.8322
Epoch 70/100 | train_loss=0.2695 | val_loss=0.7133 | val_acc=0.8288
Epoch 75/100 | train_loss=0.2778 | val_loss=0.7383 | val_acc=0.8413
Epoch 80/100 | train_loss=0.2549 | val_loss=0.7631 | val_acc=0.8435
Epoch 85/100 | train_loss=0.2256 | val_loss=0.7283 | val_acc=0.8492
Epoch 90/100 | train_loss=0.2266 | val_loss=0.7156 | val_acc=0.8492
Epoch 95/100 | train_loss=0.2361 | val_loss=0.7107 | val_acc=0.8447
Epoch 100/100 | train_loss=0.2145 | val_loss=0.7278 | val_acc=0.8526


------------------------------------------------------
TIMESTAMP: 12:49:11 23.05.2026
--- TRAINING FOR PARAMS ---
batch_size=128
hidden_size=128
embedding_size=64
num_layers=4
bidirectional=True
dropout=0.4
num_epochs=100
lr=0.0001
eta_min=3e-05
lambda_reg=0.001
-----------
Epoch 05/100 | train_loss=1.5652 | val_loss=1.5004 | val_acc=0.5544
Epoch 10/100 | train_loss=0.9512 | val_loss=0.9570 | val_acc=0.6576
Epoch 15/100 | train_loss=0.6688 | val_loss=0.7689 | val_acc=0.7245
Epoch 20/100 | train_loss=0.5251 | val_loss=0.6338 | val_acc=0.7834
Epoch 25/100 | train_loss=0.3945 | val_loss=0.5492 | val_acc=0.8209
Epoch 30/100 | train_loss=0.3040 | val_loss=0.5188 | val_acc=0.8073
Epoch 35/100 | train_loss=0.3477 | val_loss=0.5445 | val_acc=0.8322
Epoch 40/100 | train_loss=0.2473 | val_loss=0.5097 | val_acc=0.8662
Epoch 45/100 | train_loss=0.2298 | val_loss=0.4921 | val_acc=0.8594
Epoch 50/100 | train_loss=0.2051 | val_loss=0.5116 | val_acc=0.8583
Epoch 55/100 | train_loss=0.1809 | val_loss=0.4996 | val_acc=0.8673
Epoch 60/100 | train_loss=0.1685 | val_loss=0.4868 | val_acc=0.8571
Epoch 65/100 | train_loss=0.1471 | val_loss=0.5030 | val_acc=0.8753
Epoch 70/100 | train_loss=0.1463 | val_loss=0.4812 | val_acc=0.8753
Epoch 75/100 | train_loss=0.1549 | val_loss=0.4987 | val_acc=0.8844
Epoch 80/100 | train_loss=0.1204 | val_loss=0.4793 | val_acc=0.8900
Epoch 85/100 | train_loss=0.1340 | val_loss=0.4853 | val_acc=0.8866
Epoch 90/100 | train_loss=0.1061 | val_loss=0.4515 | val_acc=0.8912
Epoch 95/100 | train_loss=0.1004 | val_loss=0.4802 | val_acc=0.8968
Epoch 100/100 | train_loss=0.1027 | val_loss=0.4687 | val_acc=0.8934


------------------------------------------------------
TIMESTAMP: 13:19:13 23.05.2026
--- TRAINING FOR PARAMS ---
batch_size=128
hidden_size=128
embedding_size=64
num_layers=2
bidirectional=True
dropout=0.4
num_epochs=100
lr=0.0001
eta_min=3e-05
lambda_reg=0.001
-----------
Epoch 05/100 | train_loss=1.5177 | val_loss=1.4807 | val_acc=0.5385
Epoch 10/100 | train_loss=1.1272 | val_loss=1.1149 | val_acc=0.6304
Epoch 15/100 | train_loss=0.8192 | val_loss=0.8941 | val_acc=0.6270
Epoch 20/100 | train_loss=0.6575 | val_loss=0.8091 | val_acc=0.6678
Epoch 25/100 | train_loss=0.5174 | val_loss=0.7159 | val_acc=0.7279
Epoch 30/100 | train_loss=0.4040 | val_loss=0.6489 | val_acc=0.7676
Epoch 35/100 | train_loss=0.3522 | val_loss=0.6139 | val_acc=0.8220
Epoch 40/100 | train_loss=0.2972 | val_loss=0.5649 | val_acc=0.8073
Epoch 45/100 | train_loss=0.2502 | val_loss=0.5797 | val_acc=0.8503
Epoch 50/100 | train_loss=0.2226 | val_loss=0.6171 | val_acc=0.8481
Epoch 55/100 | train_loss=0.2043 | val_loss=0.6161 | val_acc=0.8537
Epoch 60/100 | train_loss=0.2688 | val_loss=0.5636 | val_acc=0.8503
Epoch 65/100 | train_loss=0.1903 | val_loss=0.5858 | val_acc=0.8639
Epoch 70/100 | train_loss=0.1719 | val_loss=0.6016 | val_acc=0.8605
Epoch 75/100 | train_loss=0.1577 | val_loss=0.6000 | val_acc=0.8594
Epoch 80/100 | train_loss=0.1503 | val_loss=0.5779 | val_acc=0.8583
Epoch 85/100 | train_loss=0.1409 | val_loss=0.6073 | val_acc=0.8605
Epoch 90/100 | train_loss=0.1360 | val_loss=0.5834 | val_acc=0.8617
Epoch 95/100 | train_loss=0.1291 | val_loss=0.5947 | val_acc=0.8651
Epoch 100/100 | train_loss=0.1235 | val_loss=0.5963 | val_acc=0.8605


------------------------------------------------------
TIMESTAMP: 13:23:03 23.05.2026
--- TRAINING FOR PARAMS ---
batch_size=128
hidden_size=256
embedding_size=128
num_layers=4
bidirectional=True
dropout=0.4
num_epochs=100
lr=0.0001
eta_min=3e-05
lambda_reg=0.003
-----------
Epoch 05/100 | train_loss=1.1441 | val_loss=1.1269 | val_acc=0.6372
Epoch 10/100 | train_loss=0.6252 | val_loss=0.7845 | val_acc=0.7211
Epoch 15/100 | train_loss=0.3668 | val_loss=0.6679 | val_acc=0.8039
Epoch 20/100 | train_loss=0.2437 | val_loss=0.6642 | val_acc=0.8526
Epoch 25/100 | train_loss=0.1809 | val_loss=0.6347 | val_acc=0.8673
Epoch 30/100 | train_loss=0.1325 | val_loss=0.5475 | val_acc=0.8719
Epoch 35/100 | train_loss=0.0922 | val_loss=0.5301 | val_acc=0.8889
Epoch 40/100 | train_loss=0.0638 | val_loss=0.5322 | val_acc=0.8923
Epoch 45/100 | train_loss=0.0787 | val_loss=0.5306 | val_acc=0.8855
Epoch 50/100 | train_loss=0.0415 | val_loss=0.5826 | val_acc=0.8889
Epoch 55/100 | train_loss=0.0339 | val_loss=0.6494 | val_acc=0.9002
Epoch 60/100 | train_loss=0.0385 | val_loss=0.5854 | val_acc=0.8912
Epoch 65/100 | train_loss=0.0247 | val_loss=0.6872 | val_acc=0.8934
Epoch 70/100 | train_loss=0.0351 | val_loss=0.6224 | val_acc=0.8946
Epoch 75/100 | train_loss=0.0206 | val_loss=0.6763 | val_acc=0.8912
Epoch 80/100 | train_loss=0.0168 | val_loss=0.6946 | val_acc=0.8878
Epoch 85/100 | train_loss=0.0146 | val_loss=0.7100 | val_acc=0.8923
Epoch 90/100 | train_loss=0.0136 | val_loss=0.7223 | val_acc=0.8980
Epoch 95/100 | train_loss=0.0118 | val_loss=0.7266 | val_acc=0.8912
Epoch 100/100 | train_loss=0.0100 | val_loss=0.7430 | val_acc=0.8923


------------------------------------------------------
TIMESTAMP: 13:41:40 23.05.2026
--- TRAINING FOR PARAMS ---
batch_size=128
hidden_size=64
embedding_size=32
num_layers=4
bidirectional=True
dropout=0.4
num_epochs=100
lr=0.0001
eta_min=3e-05
lambda_reg=0.003
-----------
Epoch 05/100 | train_loss=1.6173 | val_loss=1.6025 | val_acc=0.1757
Epoch 10/100 | train_loss=1.5396 | val_loss=1.4938 | val_acc=0.3288
Epoch 15/100 | train_loss=1.2625 | val_loss=1.2242 | val_acc=0.6281
Epoch 20/100 | train_loss=1.0224 | val_loss=0.9994 | val_acc=0.6667
Epoch 25/100 | train_loss=0.8233 | val_loss=0.8778 | val_acc=0.6757
Epoch 30/100 | train_loss=0.7235 | val_loss=0.8403 | val_acc=0.6939
Epoch 35/100 | train_loss=0.6534 | val_loss=0.7716 | val_acc=0.7245
Epoch 40/100 | train_loss=0.6063 | val_loss=0.8178 | val_acc=0.7211
Epoch 45/100 | train_loss=0.5654 | val_loss=0.6947 | val_acc=0.7381
Epoch 50/100 | train_loss=0.5427 | val_loss=0.6991 | val_acc=0.7506
Epoch 55/100 | train_loss=0.4964 | val_loss=0.7021 | val_acc=0.7744
Epoch 60/100 | train_loss=0.4636 | val_loss=0.6594 | val_acc=0.7732
Epoch 65/100 | train_loss=0.4556 | val_loss=0.6680 | val_acc=0.7585
Epoch 70/100 | train_loss=0.4289 | val_loss=0.6217 | val_acc=0.7948
Epoch 75/100 | train_loss=0.4697 | val_loss=0.6973 | val_acc=0.7914
Epoch 80/100 | train_loss=0.4087 | val_loss=0.6205 | val_acc=0.7948
Epoch 85/100 | train_loss=0.4310 | val_loss=0.6309 | val_acc=0.7993
Epoch 90/100 | train_loss=0.3813 | val_loss=0.6065 | val_acc=0.7925
Epoch 95/100 | train_loss=0.3822 | val_loss=0.5959 | val_acc=0.7959
Epoch 100/100 | train_loss=0.3627 | val_loss=0.5852 | val_acc=0.7993


------------------------------------------------------
TIMESTAMP: 14:04:15 23.05.2026
--- TRAINING FOR PARAMS ---
batch_size=128
hidden_size=128
embedding_size=64
num_layers=4
bidirectional=True
dropout=0.4
num_epochs=150
lr=0.0001
eta_min=3e-05
lambda_reg=0.003
-----------
Epoch 07/150 | train_loss=1.2667 | val_loss=1.2210 | val_acc=0.5714
Epoch 14/150 | train_loss=0.8114 | val_loss=0.9073 | val_acc=0.7188
Epoch 21/150 | train_loss=0.5383 | val_loss=0.7645 | val_acc=0.7608
Epoch 28/150 | train_loss=0.3592 | val_loss=0.6105 | val_acc=0.8073
Epoch 35/150 | train_loss=0.2888 | val_loss=0.5428 | val_acc=0.8163
Epoch 42/150 | train_loss=0.2321 | val_loss=0.5074 | val_acc=0.8503
Epoch 49/150 | train_loss=0.2054 | val_loss=0.5032 | val_acc=0.8549
Epoch 56/150 | train_loss=0.1196 | val_loss=0.4639 | val_acc=0.8764
Epoch 63/150 | train_loss=0.1915 | val_loss=0.4684 | val_acc=0.8651
Epoch 70/150 | train_loss=0.1034 | val_loss=0.4521 | val_acc=0.8832
Epoch 77/150 | train_loss=0.0808 | val_loss=0.4538 | val_acc=0.8832
Epoch 84/150 | train_loss=0.0691 | val_loss=0.5417 | val_acc=0.8832
Epoch 91/150 | train_loss=0.0591 | val_loss=0.4936 | val_acc=0.8855
Epoch 98/150 | train_loss=0.0731 | val_loss=0.4673 | val_acc=0.8900
Epoch 105/150 | train_loss=0.0518 | val_loss=0.4927 | val_acc=0.8934
Epoch 112/150 | train_loss=0.0473 | val_loss=0.4765 | val_acc=0.8980
Epoch 119/150 | train_loss=0.0477 | val_loss=0.5201 | val_acc=0.8912
Epoch 126/150 | train_loss=0.0442 | val_loss=0.5039 | val_acc=0.8991
Epoch 133/150 | train_loss=0.1224 | val_loss=0.4380 | val_acc=0.8934
Epoch 140/150 | train_loss=0.0403 | val_loss=0.5218 | val_acc=0.8912
Epoch 147/150 | train_loss=0.0369 | val_loss=0.5117 | val_acc=0.8946


------------------------------------------------------
TIMESTAMP: 14:18:05 23.05.2026
--- TRAINING FOR PARAMS ---
batch_size=128
hidden_size=128
embedding_size=128
num_layers=4
bidirectional=True
dropout=0.4
num_epochs=100
lr=0.0001
eta_min=3e-05
lambda_reg=0.01
-----------
Epoch 05/100 | train_loss=1.4563 | val_loss=1.3583 | val_acc=0.5930
Epoch 10/100 | train_loss=0.9323 | val_loss=0.9780 | val_acc=0.6259
Epoch 15/100 | train_loss=0.6188 | val_loss=0.7540 | val_acc=0.7381
Epoch 20/100 | train_loss=0.4303 | val_loss=0.6196 | val_acc=0.7902
Epoch 25/100 | train_loss=0.2767 | val_loss=0.5283 | val_acc=0.8367
Epoch 30/100 | train_loss=0.2119 | val_loss=0.5159 | val_acc=0.8685
Epoch 35/100 | train_loss=0.1608 | val_loss=0.5739 | val_acc=0.8787
Epoch 40/100 | train_loss=0.1302 | val_loss=0.5327 | val_acc=0.8730
Epoch 45/100 | train_loss=0.1115 | val_loss=0.5305 | val_acc=0.8764
Epoch 50/100 | train_loss=0.0904 | val_loss=0.5327 | val_acc=0.8798
Epoch 55/100 | train_loss=0.0839 | val_loss=0.5423 | val_acc=0.8946
Epoch 60/100 | train_loss=0.0594 | val_loss=0.5624 | val_acc=0.8946
Epoch 65/100 | train_loss=0.0582 | val_loss=0.5658 | val_acc=0.8957
Epoch 70/100 | train_loss=0.0789 | val_loss=0.5497 | val_acc=0.8968
Epoch 75/100 | train_loss=0.0517 | val_loss=0.5694 | val_acc=0.9036
Epoch 80/100 | train_loss=0.0460 | val_loss=0.6177 | val_acc=0.9025
Epoch 85/100 | train_loss=0.0441 | val_loss=0.6019 | val_acc=0.8900
Epoch 90/100 | train_loss=0.0399 | val_loss=0.5908 | val_acc=0.8991
Epoch 95/100 | train_loss=0.0544 | val_loss=0.5649 | val_acc=0.8934
Epoch 100/100 | train_loss=0.0357 | val_loss=0.5882 | val_acc=0.9014


------------------------------------------------------
TIMESTAMP: 14:25:58 23.05.2026
--- TRAINING FOR PARAMS ---
batch_size=128
hidden_size=64
embedding_size=64
num_layers=4
bidirectional=True
dropout=0.4
num_epochs=100
lr=0.0001
eta_min=3e-05
lambda_reg=0.01
-----------
Epoch 05/100 | train_loss=1.6136 | val_loss=1.5972 | val_acc=0.1451
Epoch 10/100 | train_loss=1.4035 | val_loss=1.3581 | val_acc=0.5952
Epoch 15/100 | train_loss=1.0731 | val_loss=1.1112 | val_acc=0.6485
Epoch 20/100 | train_loss=0.8361 | val_loss=0.9208 | val_acc=0.6712
Epoch 25/100 | train_loss=0.6850 | val_loss=0.8129 | val_acc=0.7234
Epoch 30/100 | train_loss=0.5740 | val_loss=0.7111 | val_acc=0.7483
Epoch 35/100 | train_loss=0.4960 | val_loss=0.6814 | val_acc=0.7755
Epoch 40/100 | train_loss=0.5047 | val_loss=0.7039 | val_acc=0.7596
Epoch 45/100 | train_loss=0.4359 | val_loss=0.6417 | val_acc=0.7766
Epoch 50/100 | train_loss=0.4550 | val_loss=0.6613 | val_acc=0.7698
Epoch 55/100 | train_loss=0.3800 | val_loss=0.6573 | val_acc=0.8016
Epoch 60/100 | train_loss=0.3394 | val_loss=0.6161 | val_acc=0.8152
Epoch 65/100 | train_loss=0.3540 | val_loss=0.6146 | val_acc=0.8152
Epoch 70/100 | train_loss=0.3349 | val_loss=0.5957 | val_acc=0.8197
Epoch 75/100 | train_loss=0.3222 | val_loss=0.6075 | val_acc=0.8175
Epoch 80/100 | train_loss=0.2960 | val_loss=0.5861 | val_acc=0.8322
Epoch 85/100 | train_loss=0.2758 | val_loss=0.5691 | val_acc=0.8367
Epoch 90/100 | train_loss=0.2887 | val_loss=0.5715 | val_acc=0.8277
Epoch 95/100 | train_loss=0.2623 | val_loss=0.5612 | val_acc=0.8424
Epoch 100/100 | train_loss=0.2615 | val_loss=0.5392 | val_acc=0.8379


------------------------------------------------------
TIMESTAMP: 14:31:51 23.05.2026
--- TRAINING FOR PARAMS ---
batch_size=128
hidden_size=64
embedding_size=64
num_layers=4
bidirectional=True
dropout=0.4
num_epochs=100
lr=0.0002
eta_min=6e-05
lambda_reg=0.01
-----------
Epoch 05/100 | train_loss=1.5055 | val_loss=1.4284 | val_acc=0.3889
Epoch 10/100 | train_loss=1.0577 | val_loss=1.0693 | val_acc=0.6077
Epoch 15/100 | train_loss=0.7444 | val_loss=0.8194 | val_acc=0.6950
Epoch 20/100 | train_loss=0.6485 | val_loss=0.7794 | val_acc=0.7256
Epoch 25/100 | train_loss=0.4327 | val_loss=0.6440 | val_acc=0.8073
Epoch 30/100 | train_loss=0.3647 | val_loss=0.6003 | val_acc=0.8186
Epoch 35/100 | train_loss=0.3365 | val_loss=0.6349 | val_acc=0.7937
Epoch 40/100 | train_loss=0.2570 | val_loss=0.5803 | val_acc=0.8379
Epoch 45/100 | train_loss=0.2252 | val_loss=0.5786 | val_acc=0.8481
Epoch 50/100 | train_loss=0.2436 | val_loss=0.5989 | val_acc=0.8288
Epoch 55/100 | train_loss=0.2183 | val_loss=0.6546 | val_acc=0.7868
Epoch 60/100 | train_loss=0.1807 | val_loss=0.5524 | val_acc=0.8447
Epoch 65/100 | train_loss=0.1670 | val_loss=0.5437 | val_acc=0.8651
Epoch 70/100 | train_loss=0.1385 | val_loss=0.5567 | val_acc=0.8707
Epoch 75/100 | train_loss=0.1390 | val_loss=0.5394 | val_acc=0.8639
Epoch 80/100 | train_loss=0.1243 | val_loss=0.5318 | val_acc=0.8696
Epoch 85/100 | train_loss=0.1192 | val_loss=0.5379 | val_acc=0.8764
Epoch 90/100 | train_loss=0.1229 | val_loss=0.5482 | val_acc=0.8617
Epoch 95/100 | train_loss=0.1088 | val_loss=0.5402 | val_acc=0.8707
Epoch 100/100 | train_loss=0.1100 | val_loss=0.5283 | val_acc=0.8810


------------------------------------------------------
TIMESTAMP: 14:37:28 23.05.2026
--- TRAINING FOR PARAMS ---
batch_size=128
hidden_size=128
embedding_size=64
num_layers=4
bidirectional=True
dropout=0.4
num_epochs=100
lr=0.0001
eta_min=3e-05
lambda_reg=0.01
-----------
Epoch 05/100 | train_loss=1.5029 | val_loss=1.4115 | val_acc=0.5873
Epoch 10/100 | train_loss=1.0495 | val_loss=1.0418 | val_acc=0.6224
Epoch 15/100 | train_loss=0.6959 | val_loss=0.7816 | val_acc=0.7188
Epoch 20/100 | train_loss=0.5197 | val_loss=0.6415 | val_acc=0.7925
Epoch 25/100 | train_loss=0.4165 | val_loss=0.6490 | val_acc=0.8333
Epoch 30/100 | train_loss=0.3296 | val_loss=0.5836 | val_acc=0.8549
Epoch 35/100 | train_loss=0.2802 | val_loss=0.5746 | val_acc=0.8526
Epoch 40/100 | train_loss=0.2226 | val_loss=0.6244 | val_acc=0.8526
Epoch 45/100 | train_loss=0.1979 | val_loss=0.4943 | val_acc=0.8651
Epoch 50/100 | train_loss=0.1682 | val_loss=0.5638 | val_acc=0.8696
Epoch 55/100 | train_loss=0.1348 | val_loss=0.5411 | val_acc=0.8707
Epoch 60/100 | train_loss=0.1216 | val_loss=0.5811 | val_acc=0.8719
Epoch 65/100 | train_loss=0.1121 | val_loss=0.5867 | val_acc=0.8719
Epoch 70/100 | train_loss=0.1181 | val_loss=0.5158 | val_acc=0.8719
Epoch 75/100 | train_loss=0.0845 | val_loss=0.5347 | val_acc=0.8798
Epoch 80/100 | train_loss=0.0779 | val_loss=0.6644 | val_acc=0.8787
Epoch 85/100 | train_loss=0.0692 | val_loss=0.5987 | val_acc=0.8730
Epoch 90/100 | train_loss=0.0593 | val_loss=0.5747 | val_acc=0.8787
Epoch 95/100 | train_loss=0.0584 | val_loss=0.5459 | val_acc=0.8685
Epoch 100/100 | train_loss=0.0490 | val_loss=0.6290 | val_acc=0.8776


------------------------------------------------------
TIMESTAMP: 14:51:24 23.05.2026
--- TRAINING FOR PARAMS ---
batch_size=128
hidden_size=128
embedding_size=64
num_layers=4
bidirectional=True
dropout=0.4
num_epochs=150
lr=0.0001
eta_min=3e-05
lambda_reg=0.01
-----------
Epoch 07/150 | train_loss=1.2756 | val_loss=1.2153 | val_acc=0.5680
Epoch 14/150 | train_loss=0.8093 | val_loss=0.9009 | val_acc=0.6678
Epoch 21/150 | train_loss=0.4699 | val_loss=0.6991 | val_acc=0.7596
Epoch 28/150 | train_loss=0.3590 | val_loss=0.6785 | val_acc=0.8027
Epoch 35/150 | train_loss=0.2908 | val_loss=0.7333 | val_acc=0.8469
Epoch 42/150 | train_loss=0.1989 | val_loss=0.6091 | val_acc=0.8605
Epoch 49/150 | train_loss=0.5501 | val_loss=1.7954 | val_acc=0.2766
Epoch 56/150 | train_loss=0.3632 | val_loss=0.6962 | val_acc=0.7857
Epoch 63/150 | train_loss=0.2223 | val_loss=0.6317 | val_acc=0.8311
Epoch 70/150 | train_loss=0.1728 | val_loss=0.6235 | val_acc=0.8537
Epoch 77/150 | train_loss=0.1553 | val_loss=0.6605 | val_acc=0.8447
Epoch 84/150 | train_loss=0.1310 | val_loss=0.6543 | val_acc=0.8662
Epoch 91/150 | train_loss=0.1115 | val_loss=0.6511 | val_acc=0.8673
Epoch 98/150 | train_loss=0.1070 | val_loss=0.6433 | val_acc=0.8685
Epoch 105/150 | train_loss=0.0926 | val_loss=0.6405 | val_acc=0.8696
Epoch 112/150 | train_loss=0.0895 | val_loss=0.6516 | val_acc=0.8707
Epoch 119/150 | train_loss=0.0828 | val_loss=0.6505 | val_acc=0.8798
Epoch 126/150 | train_loss=0.0757 | val_loss=0.6762 | val_acc=0.8832
Epoch 133/150 | train_loss=0.1227 | val_loss=0.6497 | val_acc=0.8537
Epoch 140/150 | train_loss=0.0831 | val_loss=0.6720 | val_acc=0.8810
Epoch 147/150 | train_loss=0.0763 | val_loss=0.6733 | val_acc=0.8787


------------------------------------------------------
TIMESTAMP: 15:01:02 23.05.2026
--- TRAINING FOR PARAMS ---
batch_size=128
hidden_size=128
embedding_size=64
num_layers=4
bidirectional=True
dropout=0.4
num_epochs=150
lr=0.0001
eta_min=3e-05
lambda_reg=0.01
-----------
Epoch 07/150 | train_loss=1.2527 | val_loss=1.1849 | val_acc=0.6156
Epoch 14/150 | train_loss=0.6869 | val_loss=0.8050 | val_acc=0.6961
Epoch 21/150 | train_loss=0.5074 | val_loss=0.6691 | val_acc=0.7279
Epoch 28/150 | train_loss=0.3764 | val_loss=0.6007 | val_acc=0.7959
Epoch 35/150 | train_loss=0.3833 | val_loss=0.6045 | val_acc=0.8005
Epoch 42/150 | train_loss=0.2909 | val_loss=0.5396 | val_acc=0.8356
Epoch 49/150 | train_loss=0.2241 | val_loss=0.5258 | val_acc=0.8560
Epoch 56/150 | train_loss=0.1904 | val_loss=0.5882 | val_acc=0.8639
Epoch 63/150 | train_loss=0.1629 | val_loss=0.5803 | val_acc=0.8741
Epoch 70/150 | train_loss=0.1319 | val_loss=0.5481 | val_acc=0.8628
Epoch 77/150 | train_loss=0.1168 | val_loss=0.5816 | val_acc=0.8651
Epoch 84/150 | train_loss=0.0908 | val_loss=0.5948 | val_acc=0.8776
Epoch 91/150 | train_loss=0.1099 | val_loss=0.5614 | val_acc=0.8787
Epoch 98/150 | train_loss=0.0815 | val_loss=0.5426 | val_acc=0.8810
Epoch 105/150 | train_loss=0.0745 | val_loss=0.5667 | val_acc=0.8866
Epoch 112/150 | train_loss=0.0701 | val_loss=0.5640 | val_acc=0.8900
Epoch 119/150 | train_loss=0.0566 | val_loss=0.5772 | val_acc=0.8900
Epoch 126/150 | train_loss=0.0609 | val_loss=0.5678 | val_acc=0.8855
Epoch 133/150 | train_loss=0.0505 | val_loss=0.5722 | val_acc=0.8980
Epoch 140/150 | train_loss=0.0506 | val_loss=0.6203 | val_acc=0.8878
Epoch 147/150 | train_loss=0.0444 | val_loss=0.5919 | val_acc=0.8934


------------------------------------------------------
TIMESTAMP: 15:12:05 23.05.2026
--- TRAINING FOR PARAMS ---
batch_size=128
hidden_size=128
embedding_size=64
num_layers=4
bidirectional=True
dropout=0.4
num_epochs=100
lr=0.0001
eta_min=3e-05
lambda_reg=0.01
-----------
Epoch 05/100 | train_loss=1.5395 | val_loss=1.4592 | val_acc=0.3118
Epoch 10/100 | train_loss=0.9740 | val_loss=1.0795 | val_acc=0.6633
Epoch 15/100 | train_loss=0.6923 | val_loss=0.8392 | val_acc=0.6859
Epoch 20/100 | train_loss=0.5297 | val_loss=0.8127 | val_acc=0.7630
Epoch 25/100 | train_loss=0.4174 | val_loss=0.7236 | val_acc=0.7812
Epoch 30/100 | train_loss=0.3106 | val_loss=0.6890 | val_acc=0.8152
Epoch 35/100 | train_loss=0.2845 | val_loss=0.6786 | val_acc=0.8288
Epoch 40/100 | train_loss=0.2890 | val_loss=0.7224 | val_acc=0.7347
Epoch 45/100 | train_loss=0.2068 | val_loss=0.6066 | val_acc=0.8345
Epoch 50/100 | train_loss=0.1664 | val_loss=0.6280 | val_acc=0.8447
Epoch 55/100 | train_loss=0.2011 | val_loss=0.6228 | val_acc=0.8243
Epoch 60/100 | train_loss=0.1418 | val_loss=0.6317 | val_acc=0.8549
Epoch 65/100 | train_loss=0.1342 | val_loss=0.5663 | val_acc=0.7880
Epoch 70/100 | train_loss=0.1241 | val_loss=0.6321 | val_acc=0.8537
Epoch 75/100 | train_loss=0.1041 | val_loss=0.6591 | val_acc=0.8662
Epoch 80/100 | train_loss=0.1021 | val_loss=0.6507 | val_acc=0.8617
Epoch 85/100 | train_loss=0.0978 | val_loss=0.6915 | val_acc=0.8651
Epoch 90/100 | train_loss=0.0907 | val_loss=0.6522 | val_acc=0.8696
Epoch 95/100 | train_loss=0.1116 | val_loss=0.6722 | val_acc=0.8594
Epoch 100/100 | train_loss=0.0846 | val_loss=0.6764 | val_acc=0.8685


------------------------------------------------------
TIMESTAMP: 15:20:24 23.05.2026
--- TRAINING FOR PARAMS ---
batch_size=128
hidden_size=128
embedding_size=64
num_layers=4
bidirectional=True
dropout=0.4
num_epochs=100
lr=0.0001
eta_min=1e-05
lambda_reg=0.01
-----------
Epoch 05/100 | train_loss=1.5583 | val_loss=1.4855 | val_acc=0.5952
Epoch 10/100 | train_loss=1.0650 | val_loss=1.0542 | val_acc=0.6349
Epoch 15/100 | train_loss=0.7686 | val_loss=0.8819 | val_acc=0.7211
Epoch 20/100 | train_loss=0.5478 | val_loss=0.7059 | val_acc=0.7744
Epoch 25/100 | train_loss=0.4697 | val_loss=0.6429 | val_acc=0.7574
Epoch 30/100 | train_loss=0.3378 | val_loss=0.5925 | val_acc=0.8265
Epoch 35/100 | train_loss=0.3278 | val_loss=0.6171 | val_acc=0.8084
Epoch 40/100 | train_loss=0.2764 | val_loss=0.5936 | val_acc=0.8583
Epoch 45/100 | train_loss=0.2140 | val_loss=0.5362 | val_acc=0.8673
Epoch 50/100 | train_loss=0.2186 | val_loss=0.5639 | val_acc=0.8492
Epoch 55/100 | train_loss=0.1737 | val_loss=0.5234 | val_acc=0.8719
Epoch 60/100 | train_loss=0.1647 | val_loss=0.5825 | val_acc=0.8753
Epoch 65/100 | train_loss=0.1477 | val_loss=0.5531 | val_acc=0.8810
Epoch 70/100 | train_loss=0.1576 | val_loss=0.5456 | val_acc=0.8753
Epoch 75/100 | train_loss=0.1318 | val_loss=0.5432 | val_acc=0.8832
Epoch 80/100 | train_loss=0.1318 | val_loss=0.5423 | val_acc=0.8821
Epoch 85/100 | train_loss=0.1188 | val_loss=0.5442 | val_acc=0.8810
Epoch 90/100 | train_loss=0.1132 | val_loss=0.5333 | val_acc=0.8832
Epoch 95/100 | train_loss=0.1088 | val_loss=0.5348 | val_acc=0.8832
Epoch 100/100 | train_loss=0.1125 | val_loss=0.5371 | val_acc=0.8832


------------------------------------------------------
TIMESTAMP: 15:27:03 23.05.2026
--- TRAINING FOR PARAMS ---
batch_size=32
hidden_size=128
embedding_size=64
num_layers=4
bidirectional=True
dropout=0.4
num_epochs=100
lr=0.0001
eta_min=1e-05
lambda_reg=0.01
-----------
Epoch 05/100 | train_loss=0.9487 | val_loss=0.9367 | val_acc=0.6440
Epoch 10/100 | train_loss=0.5233 | val_loss=0.7210 | val_acc=0.7574
Epoch 15/100 | train_loss=0.2995 | val_loss=0.5923 | val_acc=0.8492
Epoch 20/100 | train_loss=0.2726 | val_loss=0.5961 | val_acc=0.8356
Epoch 25/100 | train_loss=0.1739 | val_loss=0.5820 | val_acc=0.8639
Epoch 30/100 | train_loss=0.1764 | val_loss=0.6320 | val_acc=0.8776
Epoch 35/100 | train_loss=0.0830 | val_loss=0.5434 | val_acc=0.8946
Epoch 40/100 | train_loss=0.0776 | val_loss=0.5162 | val_acc=0.8934
Epoch 45/100 | train_loss=0.0567 | val_loss=0.5851 | val_acc=0.8844
Epoch 50/100 | train_loss=0.0502 | val_loss=0.6036 | val_acc=0.8957
Epoch 55/100 | train_loss=0.0417 | val_loss=0.5699 | val_acc=0.9014
Epoch 60/100 | train_loss=0.0341 | val_loss=0.6092 | val_acc=0.8900
Epoch 65/100 | train_loss=0.0328 | val_loss=0.6020 | val_acc=0.8946
Epoch 70/100 | train_loss=0.0265 | val_loss=0.6280 | val_acc=0.8968
Epoch 75/100 | train_loss=0.0257 | val_loss=0.6627 | val_acc=0.8957
Epoch 80/100 | train_loss=0.0217 | val_loss=0.6330 | val_acc=0.8991
Epoch 85/100 | train_loss=0.0189 | val_loss=0.6462 | val_acc=0.8968
Epoch 90/100 | train_loss=0.0513 | val_loss=0.6818 | val_acc=0.8912
Epoch 95/100 | train_loss=0.0230 | val_loss=0.6635 | val_acc=0.8957
Epoch 100/100 | train_loss=0.0179 | val_loss=0.6618 | val_acc=0.8957


------------------------------------------------------
TIMESTAMP: 15:42:11 23.05.2026
--- TRAINING FOR PARAMS ---
batch_size=64
hidden_size=128
embedding_size=64
num_layers=4
bidirectional=True
dropout=0.4
num_epochs=100
lr=0.0001
eta_min=1e-05
lambda_reg=0.01
-----------
Epoch 05/100 | train_loss=1.1733 | val_loss=1.1677 | val_acc=0.6327
Epoch 10/100 | train_loss=0.7369 | val_loss=0.8714 | val_acc=0.6667
Epoch 15/100 | train_loss=0.5111 | val_loss=0.7225 | val_acc=0.7449
Epoch 20/100 | train_loss=0.3752 | val_loss=0.7222 | val_acc=0.7642
Epoch 25/100 | train_loss=0.2793 | val_loss=0.6875 | val_acc=0.8197
Epoch 30/100 | train_loss=0.2605 | val_loss=0.6475 | val_acc=0.8379
Epoch 35/100 | train_loss=0.1787 | val_loss=0.6391 | val_acc=0.8322
Epoch 40/100 | train_loss=0.1683 | val_loss=0.6426 | val_acc=0.8617
Epoch 45/100 | train_loss=0.1320 | val_loss=0.6659 | val_acc=0.8810
Epoch 50/100 | train_loss=0.1117 | val_loss=0.6444 | val_acc=0.8673
Epoch 55/100 | train_loss=0.0973 | val_loss=0.6879 | val_acc=0.8741
Epoch 60/100 | train_loss=0.0808 | val_loss=0.6496 | val_acc=0.8798
Epoch 65/100 | train_loss=0.0727 | val_loss=0.6501 | val_acc=0.8753
Epoch 70/100 | train_loss=0.0664 | val_loss=0.6500 | val_acc=0.8821
Epoch 75/100 | train_loss=0.0616 | val_loss=0.6549 | val_acc=0.8753
Epoch 80/100 | train_loss=0.0572 | val_loss=0.6601 | val_acc=0.8787
Epoch 85/100 | train_loss=0.0546 | val_loss=0.6631 | val_acc=0.8810
Epoch 90/100 | train_loss=0.0526 | val_loss=0.6812 | val_acc=0.8821
Epoch 95/100 | train_loss=0.0492 | val_loss=0.6766 | val_acc=0.8810
Epoch 100/100 | train_loss=0.0484 | val_loss=0.6892 | val_acc=0.8810


------------------------------------------------------
TIMESTAMP: 15:59:24 23.05.2026
--- TRAINING FOR PARAMS ---
batch_size=64
hidden_size=128
embedding_size=64
num_layers=4
bidirectional=True
dropout=0.4
num_epochs=100
lr=0.0002
eta_min=2e-05
lambda_reg=0.01
-----------
Epoch 05/100 | train_loss=0.9541 | val_loss=0.9951 | val_acc=0.6043
Epoch 10/100 | train_loss=0.4937 | val_loss=0.6820 | val_acc=0.7483
Epoch 15/100 | train_loss=0.3179 | val_loss=0.6044 | val_acc=0.7596
Epoch 20/100 | train_loss=0.2336 | val_loss=0.5279 | val_acc=0.8571
Epoch 25/100 | train_loss=0.1556 | val_loss=0.5282 | val_acc=0.8617
Epoch 30/100 | train_loss=0.1286 | val_loss=0.5275 | val_acc=0.8798
Epoch 35/100 | train_loss=0.1539 | val_loss=0.5446 | val_acc=0.8628
Epoch 40/100 | train_loss=0.1616 | val_loss=0.6087 | val_acc=0.7653
Epoch 45/100 | train_loss=0.0622 | val_loss=0.5927 | val_acc=0.8821
Epoch 50/100 | train_loss=0.0579 | val_loss=0.5241 | val_acc=0.8707
Epoch 55/100 | train_loss=0.0398 | val_loss=0.5897 | val_acc=0.8855
Epoch 60/100 | train_loss=0.0353 | val_loss=0.5777 | val_acc=0.8912
Epoch 65/100 | train_loss=0.0261 | val_loss=0.5438 | val_acc=0.8923
Epoch 70/100 | train_loss=0.0218 | val_loss=0.5781 | val_acc=0.8957
Epoch 75/100 | train_loss=0.0227 | val_loss=0.5324 | val_acc=0.8946
Epoch 80/100 | train_loss=0.0194 | val_loss=0.5856 | val_acc=0.8946
Epoch 85/100 | train_loss=0.0171 | val_loss=0.6091 | val_acc=0.8934
Epoch 90/100 | train_loss=0.0247 | val_loss=0.6323 | val_acc=0.8923
Epoch 95/100 | train_loss=0.0200 | val_loss=0.6361 | val_acc=0.8923
Epoch 100/100 | train_loss=0.0173 | val_loss=0.6345 | val_acc=0.8946


------------------------------------------------------
TIMESTAMP: 16:09:20 23.05.2026
--- TRAINING FOR PARAMS ---
batch_size=32
hidden_size=128
embedding_size=64
num_layers=4
bidirectional=True
dropout=0.4
num_epochs=100
lr=0.0001
eta_min=2e-05
lambda_reg=0.01
-----------
Epoch 05/100 | train_loss=1.0254 | val_loss=1.0193 | val_acc=0.6576
Epoch 10/100 | train_loss=0.5517 | val_loss=0.7614 | val_acc=0.7222
Epoch 15/100 | train_loss=0.4040 | val_loss=0.6983 | val_acc=0.7948
Epoch 20/100 | train_loss=0.3087 | val_loss=0.8136 | val_acc=0.8186
Epoch 25/100 | train_loss=0.2070 | val_loss=0.7086 | val_acc=0.8435
Epoch 30/100 | train_loss=0.1934 | val_loss=0.6508 | val_acc=0.8333
Epoch 35/100 | train_loss=0.2286 | val_loss=0.6678 | val_acc=0.8549
Epoch 40/100 | train_loss=0.1000 | val_loss=0.6819 | val_acc=0.8707
Epoch 45/100 | train_loss=0.0817 | val_loss=0.6649 | val_acc=0.8798
Epoch 50/100 | train_loss=0.1551 | val_loss=0.6954 | val_acc=0.8628
Epoch 55/100 | train_loss=0.0642 | val_loss=0.7096 | val_acc=0.8787
Epoch 60/100 | train_loss=0.1019 | val_loss=0.6861 | val_acc=0.8639
Epoch 65/100 | train_loss=0.0739 | val_loss=0.6641 | val_acc=0.8741
Epoch 70/100 | train_loss=0.0550 | val_loss=0.7371 | val_acc=0.8707
Epoch 75/100 | train_loss=0.0459 | val_loss=0.7529 | val_acc=0.8764
Epoch 80/100 | train_loss=0.0418 | val_loss=0.7709 | val_acc=0.8753
Epoch 85/100 | train_loss=0.0389 | val_loss=0.7727 | val_acc=0.8787
Epoch 90/100 | train_loss=0.0372 | val_loss=0.7455 | val_acc=0.8764
Epoch 95/100 | train_loss=0.0347 | val_loss=0.7443 | val_acc=0.8821
Epoch 100/100 | train_loss=0.0306 | val_loss=0.7612 | val_acc=0.8878


------------------------------------------------------
TIMESTAMP: 16:23:34 23.05.2026
--- TRAINING FOR PARAMS ---
batch_size=32
hidden_size=128
embedding_size=64
num_layers=4
bidirectional=True
dropout=0.4
num_epochs=100
lr=0.0001
eta_min=1e-05
lambda_reg=0.01
-----------
Epoch 05/100 | train_loss=0.9389 | val_loss=1.0279 | val_acc=0.6406
Epoch 10/100 | train_loss=0.4960 | val_loss=0.8241 | val_acc=0.7993
Epoch 15/100 | train_loss=0.4067 | val_loss=0.6995 | val_acc=0.7834
Epoch 20/100 | train_loss=0.2372 | val_loss=0.6794 | val_acc=0.8549
Epoch 25/100 | train_loss=0.1750 | val_loss=0.6258 | val_acc=0.8617
Epoch 30/100 | train_loss=0.1458 | val_loss=0.6667 | val_acc=0.8605
Epoch 35/100 | train_loss=0.0974 | val_loss=0.6789 | val_acc=0.8776
Epoch 40/100 | train_loss=0.1000 | val_loss=0.7438 | val_acc=0.8753
Epoch 45/100 | train_loss=0.0732 | val_loss=0.7717 | val_acc=0.8787
Epoch 50/100 | train_loss=0.0482 | val_loss=0.8290 | val_acc=0.8821
Epoch 55/100 | train_loss=0.0407 | val_loss=0.8150 | val_acc=0.8855
Epoch 60/100 | train_loss=0.0331 | val_loss=0.8322 | val_acc=0.8889
Epoch 65/100 | train_loss=0.0333 | val_loss=0.8625 | val_acc=0.8776
Epoch 70/100 | train_loss=0.0285 | val_loss=0.8631 | val_acc=0.8832
Epoch 75/100 | train_loss=0.0240 | val_loss=0.9239 | val_acc=0.8844
Epoch 80/100 | train_loss=0.0203 | val_loss=0.8787 | val_acc=0.8866
Epoch 85/100 | train_loss=0.0217 | val_loss=0.8723 | val_acc=0.8878
Epoch 90/100 | train_loss=0.0185 | val_loss=0.9040 | val_acc=0.8844
Epoch 95/100 | train_loss=0.0172 | val_loss=0.9415 | val_acc=0.8844
Epoch 100/100 | train_loss=0.0172 | val_loss=0.9935 | val_acc=0.8844


------------------------------------------------------
TIMESTAMP: 16:38:20 23.05.2026
--- TRAINING FOR PARAMS ---
batch_size=32
hidden_size=128
embedding_size=64
num_layers=4
bidirectional=True
dropout=0.5
num_epochs=100
lr=0.0001
eta_min=1e-05
lambda_reg=0.01
-----------
Epoch 05/100 | train_loss=0.9590 | val_loss=0.9204 | val_acc=0.6587
Epoch 10/100 | train_loss=0.5288 | val_loss=0.6856 | val_acc=0.7971
Epoch 15/100 | train_loss=0.4130 | val_loss=0.6947 | val_acc=0.8107
Epoch 20/100 | train_loss=0.2577 | val_loss=0.6118 | val_acc=0.8390
Epoch 25/100 | train_loss=0.2620 | val_loss=0.6893 | val_acc=0.8435
Epoch 30/100 | train_loss=0.1852 | val_loss=0.7134 | val_acc=0.8424
Epoch 35/100 | train_loss=0.1448 | val_loss=0.7694 | val_acc=0.8503
Epoch 40/100 | train_loss=0.1316 | val_loss=0.7444 | val_acc=0.8639
Epoch 45/100 | train_loss=0.0907 | val_loss=0.7540 | val_acc=0.8549
Epoch 50/100 | train_loss=0.0789 | val_loss=0.7284 | val_acc=0.8662
Epoch 55/100 | train_loss=0.0583 | val_loss=0.7633 | val_acc=0.8707
Epoch 60/100 | train_loss=0.0505 | val_loss=0.7840 | val_acc=0.8764
Epoch 65/100 | train_loss=0.0459 | val_loss=0.7439 | val_acc=0.8776


------------------------------------------------------
TIMESTAMP: 16:47:47 23.05.2026
--- TRAINING FOR PARAMS ---
batch_size=32
hidden_size=128
embedding_size=64
num_layers=4
bidirectional=True
dropout=0.5
num_epochs=100
lr=0.0001
eta_min=1e-05
lambda_reg=0.03
-----------
Epoch 05/100 | train_loss=0.9931 | val_loss=1.0271 | val_acc=0.6542
Epoch 10/100 | train_loss=0.5604 | val_loss=0.7197 | val_acc=0.7302
Epoch 15/100 | train_loss=0.4076 | val_loss=0.6432 | val_acc=0.7982
Epoch 20/100 | train_loss=0.2539 | val_loss=0.6817 | val_acc=0.8560
Epoch 25/100 | train_loss=0.3344 | val_loss=0.6468 | val_acc=0.8299
Epoch 30/100 | train_loss=0.2463 | val_loss=0.6456 | val_acc=0.8379
Epoch 35/100 | train_loss=0.1193 | val_loss=0.6412 | val_acc=0.8787
Epoch 40/100 | train_loss=0.0896 | val_loss=0.5604 | val_acc=0.8866
Epoch 45/100 | train_loss=0.0737 | val_loss=0.6236 | val_acc=0.8878
Epoch 50/100 | train_loss=0.0681 | val_loss=0.6481 | val_acc=0.8923
Epoch 55/100 | train_loss=0.0493 | val_loss=0.6435 | val_acc=0.8923
Epoch 60/100 | train_loss=0.0402 | val_loss=0.6579 | val_acc=0.8991
Epoch 65/100 | train_loss=0.0554 | val_loss=0.6403 | val_acc=0.8957
Epoch 70/100 | train_loss=0.0325 | val_loss=0.6755 | val_acc=0.9002
Epoch 75/100 | train_loss=0.0284 | val_loss=0.6814 | val_acc=0.9002
Epoch 80/100 | train_loss=0.0248 | val_loss=0.6709 | val_acc=0.8991
Epoch 85/100 | train_loss=0.0244 | val_loss=0.6692 | val_acc=0.9048
Epoch 90/100 | train_loss=0.0212 | val_loss=0.6810 | val_acc=0.9036
Epoch 95/100 | train_loss=0.0205 | val_loss=0.6586 | val_acc=0.8991
Epoch 100/100 | train_loss=0.0189 | val_loss=0.6676 | val_acc=0.9059
